
> frontend@0.0.0 build
> node ./node_modules/@angular/cli/bin/ng build

❯ Building...
✔ Building...
Application bundle generation failed. [4.239 seconds] - 2026-05-16T14:17:32.978Z

[33m▲ [43;33m[[43;30mWARNING[43;33m][0m [1mNG8107: NG8107: The left side of this optional chain operation does not include 'null' or 'undefined' in its type, therefore the '?.' operator can be replaced with the '.' operator. Find more at https://v21.angular.dev/extended-diagnostics/NG8107[0m [1m[35m[plugin angular-compiler][0m

    src/app/home/homes/coordinador/home-coordinador.html:41:62:
[37m      41 │ ...sers().filter(x => x.rol?.[32mtoLowerCase[37m() === 'estudiante')" clas...
         ╵                              [32m~~~~~~~~~~~[0m

  Warning occurs in the template of component HomeCoordinadorComponent.

    src/app/home/homes/coordinador/home-coordinador.ts:40:15:
[37m      40 │   templateUrl: [32m'./home-coordinador.html'[37m,
         ╵                [32m~~~~~~~~~~~~~~~~~~~~~~~~~[0m


[33m▲ [43;33m[[43;30mWARNING[43;33m][0m [1mDeprecation[0m [1m[35m[plugin angular-sass][0m

    src/app/forgot-password/forgot-password.scss:1:8:
[37m      1 │ @import [32m[37m'../login/login.scss';
        ╵         [32m^[0m


  Sass @import rules are deprecated and will be removed in Dart Sass 3.0.0.
  
  More info and automated migrator: [4mhttps://sass-lang.com/d/import[0m


[33m▲ [43;33m[[43;30mWARNING[43;33m][0m [1mDeprecation[0m [1m[35m[plugin angular-sass][0m

    src/app/register/register.scss:1:8:
[37m      1 │ @import [32m[37m'../login/login.scss';
        ╵         [32m^[0m


  Sass @import rules are deprecated and will be removed in Dart Sass 3.0.0.
  
  More info and automated migrator: [4mhttps://sass-lang.com/d/import[0m


[33m▲ [43;33m[[43;30mWARNING[43;33m][0m [1mDeprecation[0m [1m[35m[plugin angular-sass][0m

    src/app/reset-password/reset-password.scss:1:8:
[37m      1 │ @import [32m[37m'../login/login.scss';
        ╵         [32m^[0m


  Sass @import rules are deprecated and will be removed in Dart Sass 3.0.0.
  
  More info and automated migrator: [4mhttps://sass-lang.com/d/import[0m


[31m✘ [41;31m[[41;97mERROR[41;31m][0m [1mTS2339: Property 'onSubmit' does not exist on type 'StudentRegisterComponent'.[0m [1m[35m[plugin angular-compiler][0m

    src/app/register/student-register/student-register.html:22:55:
[37m      22 │ ...m student-grid" (ngSubmit)="[32monSubmit[37m()" #studentForm="ngForm" n...
         ╵                                [32m~~~~~~~~[0m

  Error occurs in the template of component StudentRegisterComponent.

    src/app/register/student-register/student-register.ts:20:15:
[37m      20 │   templateUrl: [32m'./student-register.html'[37m,
         ╵                [32m~~~~~~~~~~~~~~~~~~~~~~~~~[0m


[31m✘ [41;31m[[41;97mERROR[41;31m][0m [1mTS2339: Property 'generateTemporaryPassword' does not exist on type 'StudentRegisterComponent'.[0m [1m[35m[plugin angular-compiler][0m

    src/app/register/student-register/student-register.html:51:62:
[37m      51 │ ...="button" (click)="[32mgenerateTemporaryPassword[37m()">Generar contras...
         ╵                       [32m~~~~~~~~~~~~~~~~~~~~~~~~~[0m

  Error occurs in the template of component StudentRegisterComponent.

    src/app/register/student-register/student-register.ts:20:15:
[37m      20 │   templateUrl: [32m'./student-register.html'[37m,
         ╵                [32m~~~~~~~~~~~~~~~~~~~~~~~~~[0m


[31m✘ [41;31m[[41;97mERROR[41;31m][0m [1mTS2339: Property 'resetForm' does not exist on type 'StudentRegisterComponent'.[0m [1m[35m[plugin angular-compiler][0m

    src/app/register/student-register/student-register.html:55:61:
[37m      55 │ ...ne" type="button" (click)="[32mresetForm[37m()" *ngIf="editingStudentId...
         ╵                               [32m~~~~~~~~~[0m

  Error occurs in the template of component StudentRegisterComponent.

    src/app/register/student-register/student-register.ts:20:15:
[37m      20 │   templateUrl: [32m'./student-register.html'[37m,
         ╵                [32m~~~~~~~~~~~~~~~~~~~~~~~~~[0m


[31m✘ [41;31m[[41;97mERROR[41;31m][0m [1mTS2339: Property 'carrera_nombre' does not exist on type 'StudentRow'.[0m [1m[35m[plugin angular-compiler][0m

    src/app/register/student-register/student-register.html:85:27:
[37m      85 │             <td>{{ student.[32mcarrera_nombre[37m || programLabel }}</td>
         ╵                            [32m~~~~~~~~~~~~~~[0m

  Error occurs in the template of component StudentRegisterComponent.

    src/app/register/student-register/student-register.ts:20:15:
[37m      20 │   templateUrl: [32m'./student-register.html'[37m,
         ╵                [32m~~~~~~~~~~~~~~~~~~~~~~~~~[0m


[31m✘ [41;31m[[41;97mERROR[41;31m][0m [1mTS2339: Property 'startEdit' does not exist on type 'StudentRegisterComponent'.[0m [1m[35m[plugin angular-compiler][0m

    src/app/register/student-register/student-register.html:88:67:
[37m      88 │ ...ry" type="button" (click)="[32mstartEdit[37m(student)" [disabled]="load...
         ╵                               [32m~~~~~~~~~[0m

  Error occurs in the template of component StudentRegisterComponent.

    src/app/register/student-register/student-register.ts:20:15:
[37m      20 │   templateUrl: [32m'./student-register.html'[37m,
         ╵                [32m~~~~~~~~~~~~~~~~~~~~~~~~~[0m


[31m✘ [41;31m[[41;97mERROR[41;31m][0m [1mTS2339: Property 'deleteStudent' does not exist on type 'StudentRegisterComponent'.[0m [1m[35m[plugin angular-compiler][0m

    src/app/register/student-register/student-register.html:89:66:
[37m      89 │ ..." type="button" (click)="[32mdeleteStudent[37m(student)" [disabled]="lo...
         ╵                             [32m~~~~~~~~~~~~~[0m

  Error occurs in the template of component StudentRegisterComponent.

    src/app/register/student-register/student-register.ts:20:15:
[37m      20 │   templateUrl: [32m'./student-register.html'[37m,
         ╵                [32m~~~~~~~~~~~~~~~~~~~~~~~~~[0m


[31m✘ [41;31m[[41;97mERROR[41;31m][0m [1mTS1128: Declaration or statement expected.[0m [1m[35m[plugin angular-compiler][0m

    src/app/register/student-register/student-register.ts:67:4:
[37m      67 │     [32mprivate[37m loadCoordinatorProgram(): void {
         ╵     [32m~~~~~~~[0m


[31m✘ [41;31m[[41;97mERROR[41;31m][0m [1mTS1068: Unexpected token. A constructor, method, accessor, or property was expected.[0m [1m[35m[plugin angular-compiler][0m

    src/app/register/student-register/student-register.ts:87:6:
[37m      87 │       [32m.[37msubscribe({
         ╵       [32m^[0m


[31m✘ [41;31m[[41;97mERROR[41;31m][0m [1mTS7010: 'subscribe', which lacks return-type annotation, implicitly has an 'any' return type.[0m [1m[35m[plugin angular-compiler][0m

    src/app/register/student-register/student-register.ts:87:7:
[37m      87 │       .[32msubscribe[37m({
         ╵        [32m~~~~~~~~~[0m


[31m✘ [41;31m[[41;97mERROR[41;31m][0m [1mTS2842: '(Missing)' is an unused renaming of 'next'. Did you intend to use it as a type annotation?[0m [1m[35m[plugin angular-compiler][0m

    src/app/register/student-register/student-register.ts:88:13:
[37m      88 │         next:[32m[37m (response) => {
         ╵              [32m^[0m

  We can only write a type for 'next' by adding a type for the entire parameter here.

    src/app/register/student-register/student-register.ts:88:13:
[37m      88 │         next:[32m[37m (response) => {
         ╵              [32m^[0m


[31m✘ [41;31m[[41;97mERROR[41;31m][0m [1mTS1003: Identifier expected.[0m [1m[35m[plugin angular-compiler][0m

    src/app/register/student-register/student-register.ts:88:14:
[37m      88 │         next: [32m([37mresponse) => {
         ╵               [32m^[0m


[31m✘ [41;31m[[41;97mERROR[41;31m][0m [1mTS2695: Left side of comma operator is unused and has no side effects.[0m [1m[35m[plugin angular-compiler][0m

    src/app/register/student-register/student-register.ts:88:14:
[37m      88 │         next: [32m(response) => {[37m
         ╵               [32m~~~~~~~~~~~~~~~[0m


[31m✘ [41;31m[[41;97mERROR[41;31m][0m [1mTS7006: Parameter 'response' implicitly has an 'any' type.[0m [1m[35m[plugin angular-compiler][0m

    src/app/register/student-register/student-register.ts:88:15:
[37m      88 │         next: ([32mresponse[37m) => {
         ╵                [32m~~~~~~~~[0m


[31m✘ [41;31m[[41;97mERROR[41;31m][0m [1mTS2532: Object is possibly 'undefined'.[0m [1m[35m[plugin angular-compiler][0m

    src/app/register/student-register/student-register.ts:89:10:
[37m      89 │           [32mthis[37m.students.set(response?.data ?? []);
         ╵           [32m~~~~[0m


[31m✘ [41;31m[[41;97mERROR[41;31m][0m [1mTS2552: Cannot find name 'error'. Did you mean 'Error'?[0m [1m[35m[plugin angular-compiler][0m

    src/app/register/student-register/student-register.ts:91:8:
[37m      91 │         [32merror[37m: (err: any) => {
         ╵         [32m~~~~~[0m

  'Error' is declared here.

    node_modules/typescript/lib/lib.es5.d.ts:1087:12:
[37m      1087 │ declare var [32mError[37m: ErrorConstructor;
           ╵             [32m~~~~~[0m


[31m✘ [41;31m[[41;97mERROR[41;31m][0m [1mTS1005: ';' expected.[0m [1m[35m[plugin angular-compiler][0m

    src/app/register/student-register/student-register.ts:91:13:
[37m      91 │         error[32m:[37m (err: any) => {
         ╵              [32m^[0m


[31m✘ [41;31m[[41;97mERROR[41;31m][0m [1mTS2532: Object is possibly 'undefined'.[0m [1m[35m[plugin angular-compiler][0m

    src/app/register/student-register/student-register.ts:92:10:
[37m      92 │           [32mthis[37m.error.set(err?.error?.message ?? 'No se pudieron ca...
         ╵           [32m~~~~[0m


[31m✘ [41;31m[[41;97mERROR[41;31m][0m [1mTS1128: Declaration or statement expected.[0m [1m[35m[plugin angular-compiler][0m

    src/app/register/student-register/student-register.ts:94:6:
[37m      94 │       [32m}[37m);
         ╵       [32m^[0m


[31m✘ [41;31m[[41;97mERROR[41;31m][0m [1mTS1128: Declaration or statement expected.[0m [1m[35m[plugin angular-compiler][0m

    src/app/register/student-register/student-register.ts:94:7:
[37m      94 │       }[32m)[37m;
         ╵        [32m^[0m


[31m✘ [41;31m[[41;97mERROR[41;31m][0m [1mTS2532: Object is possibly 'undefined'.[0m [1m[35m[plugin angular-compiler][0m

    src/app/register/student-register/student-register.ts:95:11:
[37m      95 │       if (![32mthis[37m.hasCoordinatorProgram) {
         ╵            [32m~~~~[0m


[31m✘ [41;31m[[41;97mERROR[41;31m][0m [1mTS2532: Object is possibly 'undefined'.[0m [1m[35m[plugin angular-compiler][0m

    src/app/register/student-register/student-register.ts:96:8:
[37m      96 │         [32mthis[37m.error.set('No se pudo detectar el programa del coordi...
         ╵         [32m~~~~[0m


[31m✘ [41;31m[[41;97mERROR[41;31m][0m [1mTS2532: Object is possibly 'undefined'.[0m [1m[35m[plugin angular-compiler][0m

    src/app/register/student-register/student-register.ts:97:8:
[37m      97 │         [32mthis[37m.success.set('');
         ╵         [32m~~~~[0m


[31m✘ [41;31m[[41;97mERROR[41;31m][0m [1mTS1128: Declaration or statement expected.[0m [1m[35m[plugin angular-compiler][0m

    src/app/register/student-register/student-register.ts:100:2:
[37m      100 │   [32m}[37m
          ╵   [32m^[0m


[31m✘ [41;31m[[41;97mERROR[41;31m][0m [1mTS2304: Cannot find name 'startCreate'.[0m [1m[35m[plugin angular-compiler][0m

    src/app/register/student-register/student-register.ts:102:2:
[37m      102 │   [32mstartCreate[37m(): void {
          ╵   [32m~~~~~~~~~~~[0m


[31m✘ [41;31m[[41;97mERROR[41;31m][0m [1mTS1005: ';' expected.[0m [1m[35m[plugin angular-compiler][0m

    src/app/register/student-register/student-register.ts:102:15:
[37m      102 │   startCreate()[32m:[37m void {
          ╵                [32m^[0m


[31m✘ [41;31m[[41;97mERROR[41;31m][0m [1mTS1005: ':' expected.[0m [1m[35m[plugin angular-compiler][0m

    src/app/register/student-register/student-register.ts:103:8:
[37m      103 │     this[32m.[37mresetForm();
          ╵         [32m^[0m


[31m✘ [41;31m[[41;97mERROR[41;31m][0m [1mTS1005: ',' expected.[0m [1m[35m[plugin angular-compiler][0m

    src/app/register/student-register/student-register.ts:103:20:
[37m      103 │     this.resetForm()[32m;[37m
          ╵                     [32m^[0m


[31m✘ [41;31m[[41;97mERROR[41;31m][0m [1mTS2304: Cannot find name 'startEdit'.[0m [1m[35m[plugin angular-compiler][0m

    src/app/register/student-register/student-register.ts:106:2:
[37m      106 │   [32mstartEdit[37m(student: StudentRow): void {
          ╵   [32m~~~~~~~~~[0m


[31m✘ [41;31m[[41;97mERROR[41;31m][0m [1mTS2304: Cannot find name 'student'.[0m [1m[35m[plugin angular-compiler][0m

    src/app/register/student-register/student-register.ts:106:12:
[37m      106 │   startEdit([32mstudent[37m: StudentRow): void {
          ╵             [32m~~~~~~~[0m


[31m✘ [41;31m[[41;97mERROR[41;31m][0m [1mTS1005: ',' expected.[0m [1m[35m[plugin angular-compiler][0m

    src/app/register/student-register/student-register.ts:106:19:
[37m      106 │   startEdit(student[32m:[37m StudentRow): void {
          ╵                    [32m^[0m


[31m✘ [41;31m[[41;97mERROR[41;31m][0m [1mTS2693: 'StudentRow' only refers to a type, but is being used as a value here.[0m [1m[35m[plugin angular-compiler][0m

    src/app/register/student-register/student-register.ts:106:21:
[37m      106 │   startEdit(student: [32mStudentRow[37m): void {
          ╵                      [32m~~~~~~~~~~[0m


[31m✘ [41;31m[[41;97mERROR[41;31m][0m [1mTS1005: ';' expected.[0m [1m[35m[plugin angular-compiler][0m

    src/app/register/student-register/student-register.ts:106:32:
[37m      106 │   startEdit(student: StudentRow)[32m:[37m void {
          ╵                                 [32m^[0m


[31m✘ [41;31m[[41;97mERROR[41;31m][0m [1mTS1005: ':' expected.[0m [1m[35m[plugin angular-compiler][0m

    src/app/register/student-register/student-register.ts:107:8:
[37m      107 │     this[32m.[37meditingStudentId = student.id;
          ╵         [32m^[0m


[31m✘ [41;31m[[41;97mERROR[41;31m][0m [1mTS2304: Cannot find name 'student'.[0m [1m[35m[plugin angular-compiler][0m

    src/app/register/student-register/student-register.ts:107:28:
[37m      107 │     this.editingStudentId = [32mstudent[37m.id;
          ╵                             [32m~~~~~~~[0m


[31m✘ [41;31m[[41;97mERROR[41;31m][0m [1mTS1005: ',' expected.[0m [1m[35m[plugin angular-compiler][0m

    src/app/register/student-register/student-register.ts:107:38:
[37m      107 │     this.editingStudentId = student.id[32m;[37m
          ╵                                       [32m^[0m


[31m✘ [41;31m[[41;97mERROR[41;31m][0m [1mTS1005: ':' expected.[0m [1m[35m[plugin angular-compiler][0m

    src/app/register/student-register/student-register.ts:108:8:
[37m      108 │     this[32m.[37mnombre = student.nombre;
          ╵         [32m^[0m


[31m✘ [41;31m[[41;97mERROR[41;31m][0m [1mTS2304: Cannot find name 'student'.[0m [1m[35m[plugin angular-compiler][0m

    src/app/register/student-register/student-register.ts:108:18:
[37m      108 │     this.nombre = [32mstudent[37m.nombre;
          ╵                   [32m~~~~~~~[0m


[31m✘ [41;31m[[41;97mERROR[41;31m][0m [1mTS1005: ',' expected.[0m [1m[35m[plugin angular-compiler][0m

    src/app/register/student-register/student-register.ts:108:32:
[37m      108 │     this.nombre = student.nombre[32m;[37m
          ╵                                 [32m^[0m


[31m✘ [41;31m[[41;97mERROR[41;31m][0m [1mTS1005: ':' expected.[0m [1m[35m[plugin angular-compiler][0m

    src/app/register/student-register/student-register.ts:109:8:
[37m      109 │     this[32m.[37memail = student.email;
          ╵         [32m^[0m


[31m✘ [41;31m[[41;97mERROR[41;31m][0m [1mTS2304: Cannot find name 'student'.[0m [1m[35m[plugin angular-compiler][0m

    src/app/register/student-register/student-register.ts:109:17:
[37m      109 │     this.email = [32mstudent[37m.email;
          ╵                  [32m~~~~~~~[0m


[31m✘ [41;31m[[41;97mERROR[41;31m][0m [1mTS1005: ',' expected.[0m [1m[35m[plugin angular-compiler][0m

    src/app/register/student-register/student-register.ts:109:30:
[37m      109 │     this.email = student.email[32m;[37m
          ╵                               [32m^[0m


[31m✘ [41;31m[[41;97mERROR[41;31m][0m [1mTS1005: ':' expected.[0m [1m[35m[plugin angular-compiler][0m

    src/app/register/student-register/student-register.ts:110:8:
[37m      110 │     this[32m.[37mpassword = '';
          ╵         [32m^[0m


[31m✘ [41;31m[[41;97mERROR[41;31m][0m [1mTS1005: ',' expected.[0m [1m[35m[plugin angular-compiler][0m

    src/app/register/student-register/student-register.ts:110:22:
[37m      110 │     this.password = ''[32m;[37m
          ╵                       [32m^[0m


[31m✘ [41;31m[[41;97mERROR[41;31m][0m [1mTS1005: ':' expected.[0m [1m[35m[plugin angular-compiler][0m

    src/app/register/student-register/student-register.ts:111:8:
[37m      111 │     this[32m.[37merror.set('');
          ╵         [32m^[0m


[31m✘ [41;31m[[41;97mERROR[41;31m][0m [1mTS1005: ',' expected.[0m [1m[35m[plugin angular-compiler][0m

    src/app/register/student-register/student-register.ts:111:22:
[37m      111 │     this.error.set('')[32m;[37m
          ╵                       [32m^[0m


[31m✘ [41;31m[[41;97mERROR[41;31m][0m [1mTS1005: ':' expected.[0m [1m[35m[plugin angular-compiler][0m

    src/app/register/student-register/student-register.ts:112:8:
[37m      112 │     this[32m.[37msuccess.set('');
          ╵         [32m^[0m


[31m✘ [41;31m[[41;97mERROR[41;31m][0m [1mTS1005: ',' expected.[0m [1m[35m[plugin angular-compiler][0m

    src/app/register/student-register/student-register.ts:112:24:
[37m      112 │     this.success.set('')[32m;[37m
          ╵                         [32m^[0m


[31m✘ [41;31m[[41;97mERROR[41;31m][0m [1mTS2304: Cannot find name 'resetForm'.[0m [1m[35m[plugin angular-compiler][0m

    src/app/register/student-register/student-register.ts:115:2:
[37m      115 │   [32mresetForm[37m(): void {
          ╵   [32m~~~~~~~~~[0m


[31m✘ [41;31m[[41;97mERROR[41;31m][0m [1mTS1005: ';' expected.[0m [1m[35m[plugin angular-compiler][0m

    src/app/register/student-register/student-register.ts:115:13:
[37m      115 │   resetForm()[32m:[37m void {
          ╵              [32m^[0m


[31m✘ [41;31m[[41;97mERROR[41;31m][0m [1mTS1005: ':' expected.[0m [1m[35m[plugin angular-compiler][0m

    src/app/register/student-register/student-register.ts:116:8:
[37m      116 │     this[32m.[37meditingStudentId = null;
          ╵         [32m^[0m


[31m✘ [41;31m[[41;97mERROR[41;31m][0m [1mTS1005: ',' expected.[0m [1m[35m[plugin angular-compiler][0m

    src/app/register/student-register/student-register.ts:116:32:
[37m      116 │     this.editingStudentId = null[32m;[37m
          ╵                                 [32m^[0m


[31m✘ [41;31m[[41;97mERROR[41;31m][0m [1mTS1005: ':' expected.[0m [1m[35m[plugin angular-compiler][0m

    src/app/register/student-register/student-register.ts:117:8:
[37m      117 │     this[32m.[37mnombre = '';
          ╵         [32m^[0m


[31m✘ [41;31m[[41;97mERROR[41;31m][0m [1mTS1005: ',' expected.[0m [1m[35m[plugin angular-compiler][0m

    src/app/register/student-register/student-register.ts:117:20:
[37m      117 │     this.nombre = ''[32m;[37m
          ╵                     [32m^[0m


[31m✘ [41;31m[[41;97mERROR[41;31m][0m [1mTS1005: ':' expected.[0m [1m[35m[plugin angular-compiler][0m

    src/app/register/student-register/student-register.ts:118:8:
[37m      118 │     this[32m.[37memail = '';
          ╵         [32m^[0m


[31m✘ [41;31m[[41;97mERROR[41;31m][0m [1mTS1005: ',' expected.[0m [1m[35m[plugin angular-compiler][0m

    src/app/register/student-register/student-register.ts:118:19:
[37m      118 │     this.email = ''[32m;[37m
          ╵                    [32m^[0m


[31m✘ [41;31m[[41;97mERROR[41;31m][0m [1mTS1005: ':' expected.[0m [1m[35m[plugin angular-compiler][0m

    src/app/register/student-register/student-register.ts:119:8:
[37m      119 │     this[32m.[37mpassword = '';
          ╵         [32m^[0m


[31m✘ [41;31m[[41;97mERROR[41;31m][0m [1mTS1005: ',' expected.[0m [1m[35m[plugin angular-compiler][0m

    src/app/register/student-register/student-register.ts:119:22:
[37m      119 │     this.password = ''[32m;[37m
          ╵                       [32m^[0m


[31m✘ [41;31m[[41;97mERROR[41;31m][0m [1mTS2304: Cannot find name 'generateTemporaryPassword'.[0m [1m[35m[plugin angular-compiler][0m

    src/app/register/student-register/student-register.ts:122:2:
[37m      122 │   [32mgenerateTemporaryPassword[37m(): void {
          ╵   [32m~~~~~~~~~~~~~~~~~~~~~~~~~[0m


[31m✘ [41;31m[[41;97mERROR[41;31m][0m [1mTS1005: ';' expected.[0m [1m[35m[plugin angular-compiler][0m

    src/app/register/student-register/student-register.ts:122:29:
[37m      122 │   generateTemporaryPassword()[32m:[37m void {
          ╵                              [32m^[0m


[31m✘ [41;31m[[41;97mERROR[41;31m][0m [1mTS2356: An arithmetic operand must be of type 'any', 'number', 'bigint' or an enum type.[0m [1m[35m[plugin angular-compiler][0m

    src/app/register/student-register/student-register.ts:122:36:
[37m      122 │   generateTemporaryPassword(): void [32m{[37m
          ╵                                     [32m^[0m


[31m✘ [41;31m[[41;97mERROR[41;31m][0m [1mTS1005: ':' expected.[0m [1m[35m[plugin angular-compiler][0m

    src/app/register/student-register/student-register.ts:123:10:
[37m      123 │     const [32malphabet[37m = 'ABCDEFGHJKLMNPQRSTUVWXYZabcdefghijkmnpqrstu...
          ╵           [32m~~~~~~~~[0m


[31m✘ [41;31m[[41;97mERROR[41;31m][0m [1mTS2304: Cannot find name 'alphabet'.[0m [1m[35m[plugin angular-compiler][0m

    src/app/register/student-register/student-register.ts:123:10:
[37m      123 │     const [32malphabet[37m = 'ABCDEFGHJKLMNPQRSTUVWXYZabcdefghijkmnpqrstu...
          ╵           [32m~~~~~~~~[0m


[31m✘ [41;31m[[41;97mERROR[41;31m][0m [1mTS1005: ',' expected.[0m [1m[35m[plugin angular-compiler][0m

    src/app/register/student-register/student-register.ts:123:84:
[37m      123 │ ... 'ABCDEFGHJKLMNPQRSTUVWXYZabcdefghijkmnpqrstuvwxyz23456789!@#$%'[32m;[37m
          ╵                                                                    [32m^[0m


[31m✘ [41;31m[[41;97mERROR[41;31m][0m [1mTS18004: No value exists in scope for the shorthand property 'let'. Either declare one or provide an initializer.[0m [1m[35m[plugin angular-compiler][0m

    src/app/register/student-register/student-register.ts:124:4:
[37m      124 │     [32mlet[37m generated = '';
          ╵     [32m~~~[0m


[31m✘ [41;31m[[41;97mERROR[41;31m][0m [1mTS1005: ',' expected.[0m [1m[35m[plugin angular-compiler][0m

    src/app/register/student-register/student-register.ts:124:8:
[37m      124 │     let [32mgenerated[37m = '';
          ╵         [32m~~~~~~~~~[0m


[31m✘ [41;31m[[41;97mERROR[41;31m][0m [1mTS18004: No value exists in scope for the shorthand property 'generated'. Either declare one or provide an initializer.[0m [1m[35m[plugin angular-compiler][0m

    src/app/register/student-register/student-register.ts:124:8:
[37m      124 │     let [32mgenerated[37m = '';
          ╵         [32m~~~~~~~~~[0m


[31m✘ [41;31m[[41;97mERROR[41;31m][0m [1mTS1005: ',' expected.[0m [1m[35m[plugin angular-compiler][0m

    src/app/register/student-register/student-register.ts:124:22:
[37m      124 │     let generated = ''[32m;[37m
          ╵                       [32m^[0m


[31m✘ [41;31m[[41;97mERROR[41;31m][0m [1mTS7006: Parameter 'let' implicitly has an 'any' type.[0m [1m[35m[plugin angular-compiler][0m

    src/app/register/student-register/student-register.ts:126:9:
[37m      126 │     for ([32mlet[37m i = 0; i < 12; i++) {
          ╵          [32m~~~[0m


[31m✘ [41;31m[[41;97mERROR[41;31m][0m [1mTS1005: ',' expected.[0m [1m[35m[plugin angular-compiler][0m

    src/app/register/student-register/student-register.ts:126:13:
[37m      126 │     for (let [32mi[37m = 0; i < 12; i++) {
          ╵              [32m^[0m


[31m✘ [41;31m[[41;97mERROR[41;31m][0m [1mTS2300: Duplicate identifier 'i'.[0m [1m[35m[plugin angular-compiler][0m

    src/app/register/student-register/student-register.ts:126:13:
[37m      126 │     for (let [32mi[37m = 0; i < 12; i++) {
          ╵              [32m^[0m


[31m✘ [41;31m[[41;97mERROR[41;31m][0m [1mTS2300: Duplicate identifier 'i'.[0m [1m[35m[plugin angular-compiler][0m

    src/app/register/student-register/student-register.ts:126:13:
[37m      126 │     for (let [32mi[37m = 0; i < 12; i++) {
          ╵              [32m^[0m


[31m✘ [41;31m[[41;97mERROR[41;31m][0m [1mTS2371: A parameter initializer is only allowed in a function or constructor implementation.[0m [1m[35m[plugin angular-compiler][0m

    src/app/register/student-register/student-register.ts:126:13:
[37m      126 │     for (let [32mi = 0[37m; i < 12; i++) {
          ╵              [32m~~~~~[0m


[31m✘ [41;31m[[41;97mERROR[41;31m][0m [1mTS1005: ',' expected.[0m [1m[35m[plugin angular-compiler][0m

    src/app/register/student-register/student-register.ts:126:18:
[37m      126 │     for (let i = 0[32m;[37m i < 12; i++) {
          ╵                   [32m^[0m


[31m✘ [41;31m[[41;97mERROR[41;31m][0m [1mTS2300: Duplicate identifier 'i'.[0m [1m[35m[plugin angular-compiler][0m

    src/app/register/student-register/student-register.ts:126:20:
[37m      126 │     for (let i = 0; [32mi[37m < 12; i++) {
          ╵                     [32m^[0m


[31m✘ [41;31m[[41;97mERROR[41;31m][0m [1mTS7006: Parameter 'i' implicitly has an 'any' type.[0m [1m[35m[plugin angular-compiler][0m

    src/app/register/student-register/student-register.ts:126:20:
[37m      126 │     for (let i = 0; [32mi[37m < 12; i++) {
          ╵                     [32m^[0m


[31m✘ [41;31m[[41;97mERROR[41;31m][0m [1mTS2300: Duplicate identifier '(Missing)'.[0m [1m[35m[plugin angular-compiler][0m

    src/app/register/student-register/student-register.ts:126:21:
[37m      126 │     for (let i = 0; i[32m[37m < 12; i++) {
          ╵                      [32m^[0m


[31m✘ [41;31m[[41;97mERROR[41;31m][0m [1mTS7006: Parameter '(Missing)' implicitly has an 'any' type.[0m [1m[35m[plugin angular-compiler][0m

    src/app/register/student-register/student-register.ts:126:21:
[37m      126 │     for (let i = 0; i[32m[37m < 12; i++) {
          ╵                      [32m^[0m


[31m✘ [41;31m[[41;97mERROR[41;31m][0m [1mTS1005: ',' expected.[0m [1m[35m[plugin angular-compiler][0m

    src/app/register/student-register/student-register.ts:126:22:
[37m      126 │     for (let i = 0; i [32m<[37m 12; i++) {
          ╵                       [32m^[0m


[31m✘ [41;31m[[41;97mERROR[41;31m][0m [1mTS2300: Duplicate identifier '(Missing)'.[0m [1m[35m[plugin angular-compiler][0m

    src/app/register/student-register/student-register.ts:126:23:
[37m      126 │     for (let i = 0; i <[32m[37m 12; i++) {
          ╵                        [32m^[0m


[31m✘ [41;31m[[41;97mERROR[41;31m][0m [1mTS7006: Parameter '(Missing)' implicitly has an 'any' type.[0m [1m[35m[plugin angular-compiler][0m

    src/app/register/student-register/student-register.ts:126:23:
[37m      126 │     for (let i = 0; i <[32m[37m 12; i++) {
          ╵                        [32m^[0m


[31m✘ [41;31m[[41;97mERROR[41;31m][0m [1mTS1003: Identifier expected.[0m [1m[35m[plugin angular-compiler][0m

    src/app/register/student-register/student-register.ts:126:24:
[37m      126 │     for (let i = 0; i < [32m12[37m; i++) {
          ╵                         [32m~~[0m


[31m✘ [41;31m[[41;97mERROR[41;31m][0m [1mTS1138: Parameter declaration expected.[0m [1m[35m[plugin angular-compiler][0m

    src/app/register/student-register/student-register.ts:126:26:
[37m      126 │     for (let i = 0; i < 12[32m;[37m i++) {
          ╵                           [32m^[0m


[31m✘ [41;31m[[41;97mERROR[41;31m][0m [1mTS2300: Duplicate identifier 'i'.[0m [1m[35m[plugin angular-compiler][0m

    src/app/register/student-register/student-register.ts:126:28:
[37m      126 │     for (let i = 0; i < 12; [32mi[37m++) {
          ╵                             [32m^[0m


[31m✘ [41;31m[[41;97mERROR[41;31m][0m [1mTS7006: Parameter 'i' implicitly has an 'any' type.[0m [1m[35m[plugin angular-compiler][0m

    src/app/register/student-register/student-register.ts:126:28:
[37m      126 │     for (let i = 0; i < 12; [32mi[37m++) {
          ╵                             [32m^[0m


[31m✘ [41;31m[[41;97mERROR[41;31m][0m [1mTS1005: ',' expected.[0m [1m[35m[plugin angular-compiler][0m

    src/app/register/student-register/student-register.ts:126:29:
[37m      126 │     for (let i = 0; i < 12; i[32m++[37m) {
          ╵                              [32m~~[0m


[31m✘ [41;31m[[41;97mERROR[41;31m][0m [1mTS1005: ';' expected.[0m [1m[35m[plugin angular-compiler][0m

    src/app/register/student-register/student-register.ts:126:31:
[37m      126 │     for (let i = 0; i < 12; i++[32m)[37m {
          ╵                                [32m^[0m


[31m✘ [41;31m[[41;97mERROR[41;31m][0m [1mTS2304: Cannot find name 'generated'.[0m [1m[35m[plugin angular-compiler][0m

    src/app/register/student-register/student-register.ts:127:6:
[37m      127 │       [32mgenerated[37m += alphabet.charAt(Math.floor(Math.random() * alp...
          ╵       [32m~~~~~~~~~[0m


[31m✘ [41;31m[[41;97mERROR[41;31m][0m [1mTS2304: Cannot find name 'alphabet'.[0m [1m[35m[plugin angular-compiler][0m

    src/app/register/student-register/student-register.ts:127:19:
[37m      127 │       generated += [32malphabet[37m.charAt(Math.floor(Math.random() * alp...
          ╵                    [32m~~~~~~~~[0m


[31m✘ [41;31m[[41;97mERROR[41;31m][0m [1mTS2304: Cannot find name 'alphabet'.[0m [1m[35m[plugin angular-compiler][0m

    src/app/register/student-register/student-register.ts:127:62:
[37m      127 │ ... += alphabet.charAt(Math.floor(Math.random() * [32malphabet[37m.length));
          ╵                                                   [32m~~~~~~~~[0m


[31m✘ [41;31m[[41;97mERROR[41;31m][0m [1mTS2532: Object is possibly 'undefined'.[0m [1m[35m[plugin angular-compiler][0m

    src/app/register/student-register/student-register.ts:130:13:
[37m      130 │         rol: [32mthis[37m.roleDefault,
          ╵              [32m~~~~[0m


[31m✘ [41;31m[[41;97mERROR[41;31m][0m [1mTS2304: Cannot find name 'carrera_id'.[0m [1m[35m[plugin angular-compiler][0m

    src/app/register/student-register/student-register.ts:131:8:
[37m      131 │         [32mcarrera_id[37m: this.coordinatorProgramId()
          ╵         [32m~~~~~~~~~~[0m


[31m✘ [41;31m[[41;97mERROR[41;31m][0m [1mTS1005: ';' expected.[0m [1m[35m[plugin angular-compiler][0m

    src/app/register/student-register/student-register.ts:131:18:
[37m      131 │         carrera_id[32m:[37m this.coordinatorProgramId()
          ╵                   [32m^[0m


[31m✘ [41;31m[[41;97mERROR[41;31m][0m [1mTS2532: Object is possibly 'undefined'.[0m [1m[35m[plugin angular-compiler][0m

    src/app/register/student-register/student-register.ts:131:20:
[37m      131 │         carrera_id: [32mthis[37m.coordinatorProgramId()
          ╵                     [32m~~~~[0m


[31m✘ [41;31m[[41;97mERROR[41;31m][0m [1mTS2532: Object is possibly 'undefined'.[0m [1m[35m[plugin angular-compiler][0m

    src/app/register/student-register/student-register.ts:132:4:
[37m      132 │     [32mthis[37m.error.set('');
          ╵     [32m~~~~[0m


[31m✘ [41;31m[[41;97mERROR[41;31m][0m [1mTS1128: Declaration or statement expected.[0m [1m[35m[plugin angular-compiler][0m

    src/app/register/student-register/student-register.ts:133:2:
[37m      133 │   [32m}[37m
          ╵   [32m^[0m


[31m✘ [41;31m[[41;97mERROR[41;31m][0m [1mTS2304: Cannot find name 'onSubmit'.[0m [1m[35m[plugin angular-compiler][0m

    src/app/register/student-register/student-register.ts:135:2:
[37m      135 │   [32monSubmit[37m(): void {
          ╵   [32m~~~~~~~~[0m


[31m✘ [41;31m[[41;97mERROR[41;31m][0m [1mTS1005: ';' expected.[0m [1m[35m[plugin angular-compiler][0m

    src/app/register/student-register/student-register.ts:135:12:
[37m      135 │   onSubmit()[32m:[37m void {
          ╵             [32m^[0m


[31m✘ [41;31m[[41;97mERROR[41;31m][0m [1mTS1003: Identifier expected.[0m [1m[35m[plugin angular-compiler][0m

    src/app/register/student-register/student-register.ts:136:8:
[37m      136 │     if ([32m![37mthis.nombre || !this.email) {
          ╵         [32m^[0m


[31m✘ [41;31m[[41;97mERROR[41;31m][0m [1mTS7006: Parameter '(Missing)' implicitly has an 'any' type.[0m [1m[35m[plugin angular-compiler][0m

    src/app/register/student-register/student-register.ts:136:8:
[37m      136 │     if ([32m[37m!this.nombre || !this.email) {
          ╵         [32m^[0m


[31m✘ [41;31m[[41;97mERROR[41;31m][0m [1mTS2680: A 'this' parameter must be the first parameter.[0m [1m[35m[plugin angular-compiler][0m

    src/app/register/student-register/student-register.ts:136:9:
[37m      136 │     if (![32mthis[37m.nombre || !this.email) {
          ╵          [32m~~~~[0m


[31m✘ [41;31m[[41;97mERROR[41;31m][0m [1mTS1005: ',' expected.[0m [1m[35m[plugin angular-compiler][0m

    src/app/register/student-register/student-register.ts:136:13:
[37m      136 │     if (!this[32m.[37mnombre || !this.email) {
          ╵              [32m^[0m


[31m✘ [41;31m[[41;97mERROR[41;31m][0m [1mTS2532: Object is possibly 'undefined'.[0m [1m[35m[plugin angular-compiler][0m

    src/app/register/student-register/student-register.ts:136:25:
[37m      136 │     if (!this.nombre || ![32mthis[37m.email) {
          ╵                          [32m~~~~[0m


[31m✘ [41;31m[[41;97mERROR[41;31m][0m [1mTS1005: ',' expected.[0m [1m[35m[plugin angular-compiler][0m

    src/app/register/student-register/student-register.ts:136:35:
[37m      136 │     if (!this.nombre || !this.email[32m)[37m {
          ╵                                    [32m^[0m


[31m✘ [41;31m[[41;97mERROR[41;31m][0m [1mTS1136: Property assignment expected.[0m [1m[35m[plugin angular-compiler][0m

    src/app/register/student-register/student-register.ts:136:37:
[37m      136 │     if (!this.nombre || !this.email) [32m{[37m
          ╵                                      [32m^[0m


[31m✘ [41;31m[[41;97mERROR[41;31m][0m [1mTS2532: Object is possibly 'undefined'.[0m [1m[35m[plugin angular-compiler][0m

    src/app/register/student-register/student-register.ts:137:6:
[37m      137 │       [32mthis[37m.error.set('Completa nombre y correo.');
          ╵       [32m~~~~[0m


[31m✘ [41;31m[[41;97mERROR[41;31m][0m [1mTS2532: Object is possibly 'undefined'.[0m [1m[35m[plugin angular-compiler][0m

    src/app/register/student-register/student-register.ts:138:6:
[37m      138 │       [32mthis[37m.success.set('');
          ╵       [32m~~~~[0m


[31m✘ [41;31m[[41;97mERROR[41;31m][0m [1mTS2532: Object is possibly 'undefined'.[0m [1m[35m[plugin angular-compiler][0m

    src/app/register/student-register/student-register.ts:142:8:
[37m      142 │     if ([32mthis[37m.editingStudentId) {
          ╵         [32m~~~~[0m


[31m✘ [41;31m[[41;97mERROR[41;31m][0m [1mTS2532: Object is possibly 'undefined'.[0m [1m[35m[plugin angular-compiler][0m

    src/app/register/student-register/student-register.ts:143:6:
[37m      143 │       [32mthis[37m.updateStudent();
          ╵       [32m~~~~[0m


[31m✘ [41;31m[[41;97mERROR[41;31m][0m [1mTS2532: Object is possibly 'undefined'.[0m [1m[35m[plugin angular-compiler][0m

    src/app/register/student-register/student-register.ts:145:6:
[37m      145 │       [32mthis[37m.createStudent();
          ╵       [32m~~~~[0m


[31m✘ [41;31m[[41;97mERROR[41;31m][0m [1mTS1128: Declaration or statement expected.[0m [1m[35m[plugin angular-compiler][0m

    src/app/register/student-register/student-register.ts:147:2:
[37m      147 │   [32m}[37m
          ╵   [32m^[0m


[31m✘ [41;31m[[41;97mERROR[41;31m][0m [1mTS2304: Cannot find name 'createStudent'.[0m [1m[35m[plugin angular-compiler][0m

    src/app/register/student-register/student-register.ts:149:2:
[37m      149 │   [32mcreateStudent[37m(): void {
          ╵   [32m~~~~~~~~~~~~~[0m


[31m✘ [41;31m[[41;97mERROR[41;31m][0m [1mTS1005: ';' expected.[0m [1m[35m[plugin angular-compiler][0m

    src/app/register/student-register/student-register.ts:149:17:
[37m      149 │   createStudent()[32m:[37m void {
          ╵                  [32m^[0m


[31m✘ [41;31m[[41;97mERROR[41;31m][0m [1mTS1003: Identifier expected.[0m [1m[35m[plugin angular-compiler][0m

    src/app/register/student-register/student-register.ts:150:8:
[37m      150 │     if ([32m![37mthis.password) {
          ╵         [32m^[0m


[31m✘ [41;31m[[41;97mERROR[41;31m][0m [1mTS7006: Parameter '(Missing)' implicitly has an 'any' type.[0m [1m[35m[plugin angular-compiler][0m

    src/app/register/student-register/student-register.ts:150:8:
[37m      150 │     if ([32m[37m!this.password) {
          ╵         [32m^[0m


[31m✘ [41;31m[[41;97mERROR[41;31m][0m [1mTS2680: A 'this' parameter must be the first parameter.[0m [1m[35m[plugin angular-compiler][0m

    src/app/register/student-register/student-register.ts:150:9:
[37m      150 │     if (![32mthis[37m.password) {
          ╵          [32m~~~~[0m


[31m✘ [41;31m[[41;97mERROR[41;31m][0m [1mTS1005: ',' expected.[0m [1m[35m[plugin angular-compiler][0m

    src/app/register/student-register/student-register.ts:150:13:
[37m      150 │     if (!this[32m.[37mpassword) {
          ╵              [32m^[0m


[31m✘ [41;31m[[41;97mERROR[41;31m][0m [1mTS1005: ',' expected.[0m [1m[35m[plugin angular-compiler][0m

    src/app/register/student-register/student-register.ts:150:22:
[37m      150 │     if (!this.password[32m)[37m {
          ╵                       [32m^[0m


[31m✘ [41;31m[[41;97mERROR[41;31m][0m [1mTS1136: Property assignment expected.[0m [1m[35m[plugin angular-compiler][0m

    src/app/register/student-register/student-register.ts:150:24:
[37m      150 │     if (!this.password) [32m{[37m
          ╵                         [32m^[0m


[31m✘ [41;31m[[41;97mERROR[41;31m][0m [1mTS2532: Object is possibly 'undefined'.[0m [1m[35m[plugin angular-compiler][0m

    src/app/register/student-register/student-register.ts:151:6:
[37m      151 │       [32mthis[37m.error.set('Genera una contraseña temporal.');
          ╵       [32m~~~~[0m


[31m✘ [41;31m[[41;97mERROR[41;31m][0m [1mTS2532: Object is possibly 'undefined'.[0m [1m[35m[plugin angular-compiler][0m

    src/app/register/student-register/student-register.ts:152:6:
[37m      152 │       [32mthis[37m.success.set('');
          ╵       [32m~~~~[0m


[31m✘ [41;31m[[41;97mERROR[41;31m][0m [1mTS2451: Cannot redeclare block-scoped variable 'token'.[0m [1m[35m[plugin angular-compiler][0m

    src/app/register/student-register/student-register.ts:156:10:
[37m      156 │     const [32mtoken[37m = localStorage.getItem('token');
          ╵           [32m~~~~~[0m


[31m✘ [41;31m[[41;97mERROR[41;31m][0m [1mTS2532: Object is possibly 'undefined'.[0m [1m[35m[plugin angular-compiler][0m

    src/app/register/student-register/student-register.ts:158:6:
[37m      158 │       [32mthis[37m.error.set('No hay sesión activa.');
          ╵       [32m~~~~[0m


[31m✘ [41;31m[[41;97mERROR[41;31m][0m [1mTS2532: Object is possibly 'undefined'.[0m [1m[35m[plugin angular-compiler][0m

    src/app/register/student-register/student-register.ts:162:13:
[37m      162 │         rol: [32mthis[37m.roleDefault,
          ╵              [32m~~~~[0m


[31m✘ [41;31m[[41;97mERROR[41;31m][0m [1mTS2304: Cannot find name 'carrera_id'.[0m [1m[35m[plugin angular-compiler][0m

    src/app/register/student-register/student-register.ts:163:8:
[37m      163 │         [32mcarrera_id[37m: this.coordinatorProgramId()
          ╵         [32m~~~~~~~~~~[0m


[31m✘ [41;31m[[41;97mERROR[41;31m][0m [1mTS1005: ';' expected.[0m [1m[35m[plugin angular-compiler][0m

    src/app/register/student-register/student-register.ts:163:18:
[37m      163 │         carrera_id[32m:[37m this.coordinatorProgramId()
          ╵                   [32m^[0m


[31m✘ [41;31m[[41;97mERROR[41;31m][0m [1mTS2532: Object is possibly 'undefined'.[0m [1m[35m[plugin angular-compiler][0m

    src/app/register/student-register/student-register.ts:163:20:
[37m      163 │         carrera_id: [32mthis[37m.coordinatorProgramId()
          ╵                     [32m~~~~[0m


[31m✘ [41;31m[[41;97mERROR[41;31m][0m [1mTS2532: Object is possibly 'undefined'.[0m [1m[35m[plugin angular-compiler][0m

    src/app/register/student-register/student-register.ts:164:4:
[37m      164 │     [32mthis[37m.loading.set(true);
          ╵     [32m~~~~[0m


[31m✘ [41;31m[[41;97mERROR[41;31m][0m [1mTS2532: Object is possibly 'undefined'.[0m [1m[35m[plugin angular-compiler][0m

    src/app/register/student-register/student-register.ts:165:4:
[37m      165 │     [32mthis[37m.error.set('');
          ╵     [32m~~~~[0m


[31m✘ [41;31m[[41;97mERROR[41;31m][0m [1mTS2532: Object is possibly 'undefined'.[0m [1m[35m[plugin angular-compiler][0m

    src/app/register/student-register/student-register.ts:166:4:
[37m      166 │     [32mthis[37m.success.set('');
          ╵     [32m~~~~[0m


[31m✘ [41;31m[[41;97mERROR[41;31m][0m [1mTS2451: Cannot redeclare block-scoped variable 'headers'.[0m [1m[35m[plugin angular-compiler][0m

    src/app/register/student-register/student-register.ts:168:10:
[37m      168 │     const [32mheaders[37m = new HttpHeaders({ Authorization: `Bearer ${to...
          ╵           [32m~~~~~~~[0m


[31m✘ [41;31m[[41;97mERROR[41;31m][0m [1mTS2451: Cannot redeclare block-scoped variable 'headers'.[0m [1m[35m[plugin angular-compiler][0m

    src/app/register/student-register/student-register.ts:168:10:
[37m      168 │     const [32mheaders[37m = new HttpHeaders({ Authorization: `Bearer ${to...
          ╵           [32m~~~~~~~[0m


[31m✘ [41;31m[[41;97mERROR[41;31m][0m [1mTS2532: Object is possibly 'undefined'.[0m [1m[35m[plugin angular-compiler][0m

    src/app/register/student-register/student-register.ts:169:4:
[37m      169 │     [32mthis[37m.http.post<{ message: string; data: StudentRow }>('/api/a...
          ╵     [32m~~~~[0m


[31m✘ [41;31m[[41;97mERROR[41;31m][0m [1mTS2532: Object is possibly 'undefined'.[0m [1m[35m[plugin angular-compiler][0m

    src/app/register/student-register/student-register.ts:170:14:
[37m      170 │       nombre: [32mthis[37m.nombre,
          ╵               [32m~~~~[0m


[31m✘ [41;31m[[41;97mERROR[41;31m][0m [1mTS2532: Object is possibly 'undefined'.[0m [1m[35m[plugin angular-compiler][0m

    src/app/register/student-register/student-register.ts:171:13:
[37m      171 │       email: [32mthis[37m.email,
          ╵              [32m~~~~[0m


[31m✘ [41;31m[[41;97mERROR[41;31m][0m [1mTS2532: Object is possibly 'undefined'.[0m [1m[35m[plugin angular-compiler][0m

    src/app/register/student-register/student-register.ts:172:16:
[37m      172 │       password: [32mthis[37m.password,
          ╵                 [32m~~~~[0m


[31m✘ [41;31m[[41;97mERROR[41;31m][0m [1mExpected identifier but found "}"[0m

    src/app/register/student-register/student-register.ts:172:23:
[37m      172 │     subscribe({ next:  [32m}[37m) { }
          ╵                        [32m^[0m


[31m✘ [41;31m[[41;97mERROR[41;31m][0m [1mTS2532: Object is possibly 'undefined'.[0m [1m[35m[plugin angular-compiler][0m

    src/app/register/student-register/student-register.ts:175:27:
[37m      175 │       .pipe(finalize(() => [32mthis[37m.loading.set(false)))
          ╵                            [32m~~~~[0m


[31m✘ [41;31m[[41;97mERROR[41;31m][0m [1mTS7006: Parameter 'response' implicitly has an 'any' type.[0m [1m[35m[plugin angular-compiler][0m

    src/app/register/student-register/student-register.ts:177:15:
[37m      177 │         next: ([32mresponse[37m) => {
          ╵                [32m~~~~~~~~[0m


[31m✘ [41;31m[[41;97mERROR[41;31m][0m [1mTS2532: Object is possibly 'undefined'.[0m [1m[35m[plugin angular-compiler][0m

    src/app/register/student-register/student-register.ts:178:10:
[37m      178 │           [32mthis[37m.success.set(response?.message ?? 'Estudiante regis...
          ╵           [32m~~~~[0m


[31m✘ [41;31m[[41;97mERROR[41;31m][0m [1mTS2532: Object is possibly 'undefined'.[0m [1m[35m[plugin angular-compiler][0m

    src/app/register/student-register/student-register.ts:179:10:
[37m      179 │           [32mthis[37m.resetForm();
          ╵           [32m~~~~[0m


[31m✘ [41;31m[[41;97mERROR[41;31m][0m [1mTS2532: Object is possibly 'undefined'.[0m [1m[35m[plugin angular-compiler][0m

    src/app/register/student-register/student-register.ts:180:10:
[37m      180 │           [32mthis[37m.loadStudents();
          ╵           [32m~~~~[0m


[31m✘ [41;31m[[41;97mERROR[41;31m][0m [1mTS2532: Object is possibly 'undefined'.[0m [1m[35m[plugin angular-compiler][0m

    src/app/register/student-register/student-register.ts:183:10:
[37m      183 │           [32mthis[37m.error.set(err?.error?.message ?? 'No se pudo regis...
          ╵           [32m~~~~[0m


[31m✘ [41;31m[[41;97mERROR[41;31m][0m [1mTS1128: Declaration or statement expected.[0m [1m[35m[plugin angular-compiler][0m

    src/app/register/student-register/student-register.ts:186:2:
[37m      186 │   [32m}[37m
          ╵   [32m^[0m


[31m✘ [41;31m[[41;97mERROR[41;31m][0m [1mTS2304: Cannot find name 'updateStudent'.[0m [1m[35m[plugin angular-compiler][0m

    src/app/register/student-register/student-register.ts:188:2:
[37m      188 │   [32mupdateStudent[37m(): void {
          ╵   [32m~~~~~~~~~~~~~[0m


[31m✘ [41;31m[[41;97mERROR[41;31m][0m [1mTS1005: ';' expected.[0m [1m[35m[plugin angular-compiler][0m

    src/app/register/student-register/student-register.ts:188:17:
[37m      188 │   updateStudent()[32m:[37m void {
          ╵                  [32m^[0m


[31m✘ [41;31m[[41;97mERROR[41;31m][0m [1mTS1003: Identifier expected.[0m [1m[35m[plugin angular-compiler][0m

    src/app/register/student-register/student-register.ts:189:8:
[37m      189 │     if ([32m![37mthis.editingStudentId) return;
          ╵         [32m^[0m


[31m✘ [41;31m[[41;97mERROR[41;31m][0m [1mTS7006: Parameter '(Missing)' implicitly has an 'any' type.[0m [1m[35m[plugin angular-compiler][0m

    src/app/register/student-register/student-register.ts:189:8:
[37m      189 │     if ([32m[37m!this.editingStudentId) return;
          ╵         [32m^[0m


[31m✘ [41;31m[[41;97mERROR[41;31m][0m [1mTS2680: A 'this' parameter must be the first parameter.[0m [1m[35m[plugin angular-compiler][0m

    src/app/register/student-register/student-register.ts:189:9:
[37m      189 │     if (![32mthis[37m.editingStudentId) return;
          ╵          [32m~~~~[0m


[31m✘ [41;31m[[41;97mERROR[41;31m][0m [1mTS1005: ',' expected.[0m [1m[35m[plugin angular-compiler][0m

    src/app/register/student-register/student-register.ts:189:13:
[37m      189 │     if (!this[32m.[37meditingStudentId) return;
          ╵              [32m^[0m


[31m✘ [41;31m[[41;97mERROR[41;31m][0m [1mTS1005: ',' expected.[0m [1m[35m[plugin angular-compiler][0m

    src/app/register/student-register/student-register.ts:189:30:
[37m      189 │     if (!this.editingStudentId[32m)[37m return;
          ╵                               [32m^[0m


[31m✘ [41;31m[[41;97mERROR[41;31m][0m [1mTS1005: ':' expected.[0m [1m[35m[plugin angular-compiler][0m

    src/app/register/student-register/student-register.ts:189:38:
[37m      189 │     if (!this.editingStudentId) return[32m;[37m
          ╵                                       [32m^[0m


[31m✘ [41;31m[[41;97mERROR[41;31m][0m [1mTS1005: ':' expected.[0m [1m[35m[plugin angular-compiler][0m

    src/app/register/student-register/student-register.ts:191:10:
[37m      191 │     const [32mtoken[37m = localStorage.getItem('token');
          ╵           [32m~~~~~[0m


[31m✘ [41;31m[[41;97mERROR[41;31m][0m [1mTS2588: Cannot assign to 'token' because it is a constant.[0m [1m[35m[plugin angular-compiler][0m

    src/app/register/student-register/student-register.ts:191:10:
[37m      191 │     const [32mtoken[37m = localStorage.getItem('token');
          ╵           [32m~~~~~[0m


[31m✘ [41;31m[[41;97mERROR[41;31m][0m [1mTS1005: ',' expected.[0m [1m[35m[plugin angular-compiler][0m

    src/app/register/student-register/student-register.ts:191:47:
[37m      191 │     const token = localStorage.getItem('token')[32m;[37m
          ╵                                                [32m^[0m


[31m✘ [41;31m[[41;97mERROR[41;31m][0m [1mTS1003: Identifier expected.[0m [1m[35m[plugin angular-compiler][0m

    src/app/register/student-register/student-register.ts:192:8:
[37m      192 │     if ([32m![37mtoken) {
          ╵         [32m^[0m


[31m✘ [41;31m[[41;97mERROR[41;31m][0m [1mTS7006: Parameter '(Missing)' implicitly has an 'any' type.[0m [1m[35m[plugin angular-compiler][0m

    src/app/register/student-register/student-register.ts:192:8:
[37m      192 │     if ([32m[37m!token) {
          ╵         [32m^[0m


[31m✘ [41;31m[[41;97mERROR[41;31m][0m [1mTS7006: Parameter 'token' implicitly has an 'any' type.[0m [1m[35m[plugin angular-compiler][0m

    src/app/register/student-register/student-register.ts:192:9:
[37m      192 │     if (![32mtoken[37m) {
          ╵          [32m~~~~~[0m


[31m✘ [41;31m[[41;97mERROR[41;31m][0m [1mTS2339: Property 'error' does not exist on type '{ if(: any, this: ...): any; if(: any, token: any): void; if(this: ...): any; "": any; return: any; const: any; this: any; any: { nombre: any; email: any; }; }'.[0m [1m[35m[plugin angular-compiler][0m

    src/app/register/student-register/student-register.ts:193:11:
[37m      193 │       this.[32merror[37m.set('No hay sesión activa.');
          ╵            [32m~~~~~[0m


[31m✘ [41;31m[[41;97mERROR[41;31m][0m [1mTS1005: ',' expected.[0m [1m[35m[plugin angular-compiler][0m

    src/app/register/student-register/student-register.ts:197:4:
[37m      197 │     [32mthis[37m.loading.set(true);
          ╵     [32m~~~~[0m


[31m✘ [41;31m[[41;97mERROR[41;31m][0m [1mTS1005: ':' expected.[0m [1m[35m[plugin angular-compiler][0m

    src/app/register/student-register/student-register.ts:197:8:
[37m      197 │     this[32m.[37mloading.set(true);
          ╵         [32m^[0m


[31m✘ [41;31m[[41;97mERROR[41;31m][0m [1mTS1005: ',' expected.[0m [1m[35m[plugin angular-compiler][0m

    src/app/register/student-register/student-register.ts:197:26:
[37m      197 │     this.loading.set(true)[32m;[37m
          ╵                           [32m^[0m


[31m✘ [41;31m[[41;97mERROR[41;31m][0m [1mTS1005: ':' expected.[0m [1m[35m[plugin angular-compiler][0m

    src/app/register/student-register/student-register.ts:198:8:
[37m      198 │     this[32m.[37merror.set('');
          ╵         [32m^[0m


[31m✘ [41;31m[[41;97mERROR[41;31m][0m [1mTS1005: ',' expected.[0m [1m[35m[plugin angular-compiler][0m

    src/app/register/student-register/student-register.ts:198:22:
[37m      198 │     this.error.set('')[32m;[37m
          ╵                       [32m^[0m


[31m✘ [41;31m[[41;97mERROR[41;31m][0m [1mTS1005: ':' expected.[0m [1m[35m[plugin angular-compiler][0m

    src/app/register/student-register/student-register.ts:199:8:
[37m      199 │     this[32m.[37msuccess.set('');
          ╵         [32m^[0m


[31m✘ [41;31m[[41;97mERROR[41;31m][0m [1mTS1005: ',' expected.[0m [1m[35m[plugin angular-compiler][0m

    src/app/register/student-register/student-register.ts:199:24:
[37m      199 │     this.success.set('')[32m;[37m
          ╵                         [32m^[0m


[31m✘ [41;31m[[41;97mERROR[41;31m][0m [1mTS1005: ':' expected.[0m [1m[35m[plugin angular-compiler][0m

    src/app/register/student-register/student-register.ts:201:10:
[37m      201 │     const [32mpayload[37m: any = {
          ╵           [32m~~~~~~~[0m


[31m✘ [41;31m[[41;97mERROR[41;31m][0m [1mTS2304: Cannot find name 'payload'.[0m [1m[35m[plugin angular-compiler][0m

    src/app/register/student-register/student-register.ts:201:10:
[37m      201 │     const [32mpayload[37m: any = {
          ╵           [32m~~~~~~~[0m


[31m✘ [41;31m[[41;97mERROR[41;31m][0m [1mTS1005: ',' expected.[0m [1m[35m[plugin angular-compiler][0m

    src/app/register/student-register/student-register.ts:201:17:
[37m      201 │     const payload[32m:[37m any = {
          ╵                  [32m^[0m


[31m✘ [41;31m[[41;97mERROR[41;31m][0m [1mTS2532: Object is possibly 'undefined'.[0m [1m[35m[plugin angular-compiler][0m

    src/app/register/student-register/student-register.ts:202:14:
[37m      202 │       nombre: [32mthis[37m.nombre,
          ╵               [32m~~~~[0m


[31m✘ [41;31m[[41;97mERROR[41;31m][0m [1mTS2532: Object is possibly 'undefined'.[0m [1m[35m[plugin angular-compiler][0m

    src/app/register/student-register/student-register.ts:203:13:
[37m      203 │       email: [32mthis[37m.email
          ╵              [32m~~~~[0m


[31m✘ [41;31m[[41;97mERROR[41;31m][0m [1mTS1005: ',' expected.[0m [1m[35m[plugin angular-compiler][0m

    src/app/register/student-register/student-register.ts:204:5:
[37m      204 │     }[32m;[37m
          ╵      [32m^[0m


[31m✘ [41;31m[[41;97mERROR[41;31m][0m [1mTS1005: ',' expected.[0m [1m[35m[plugin angular-compiler][0m

    src/app/register/student-register/student-register.ts:205:12:
[37m      205 │     if (this[32m.[37mpassword) {
          ╵             [32m^[0m


[31m✘ [41;31m[[41;97mERROR[41;31m][0m [1mTS1005: ',' expected.[0m [1m[35m[plugin angular-compiler][0m

    src/app/register/student-register/student-register.ts:205:21:
[37m      205 │     if (this.password[32m)[37m {
          ╵                      [32m^[0m


[31m✘ [41;31m[[41;97mERROR[41;31m][0m [1mTS1136: Property assignment expected.[0m [1m[35m[plugin angular-compiler][0m

    src/app/register/student-register/student-register.ts:205:23:
[37m      205 │     if (this.password) [32m{[37m
          ╵                        [32m^[0m


[31m✘ [41;31m[[41;97mERROR[41;31m][0m [1mTS2304: Cannot find name 'payload'.[0m [1m[35m[plugin angular-compiler][0m

    src/app/register/student-register/student-register.ts:206:6:
[37m      206 │       [32mpayload[37m.password = this.password;
          ╵       [32m~~~~~~~[0m


[31m✘ [41;31m[[41;97mERROR[41;31m][0m [1mTS2532: Object is possibly 'undefined'.[0m [1m[35m[plugin angular-compiler][0m

    src/app/register/student-register/student-register.ts:206:25:
[37m      206 │       payload.password = [32mthis[37m.password;
          ╵                          [32m~~~~[0m


[31m✘ [41;31m[[41;97mERROR[41;31m][0m [1mTS2451: Cannot redeclare block-scoped variable 'headers'.[0m [1m[35m[plugin angular-compiler][0m

    src/app/register/student-register/student-register.ts:209:10:
[37m      209 │     const [32mheaders[37m = new HttpHeaders({ Authorization: `Bearer ${to...
          ╵           [32m~~~~~~~[0m


[31m✘ [41;31m[[41;97mERROR[41;31m][0m [1mTS2532: Object is possibly 'undefined'.[0m [1m[35m[plugin angular-compiler][0m

    src/app/register/student-register/student-register.ts:210:4:
[37m      210 │     [32mthis[37m.http.put<{ message: string; data: StudentRow }>(`/api/au...
          ╵     [32m~~~~[0m


[31m✘ [41;31m[[41;97mERROR[41;31m][0m [1mTS2532: Object is possibly 'undefined'.[0m [1m[35m[plugin angular-compiler][0m

    src/app/register/student-register/student-register.ts:210:76:
[37m      210 │ ...entRow }>(`/api/auth/users/${[32mthis[37m.editingStudentId}`, payload,...
          ╵                                 [32m~~~~[0m


[31m✘ [41;31m[[41;97mERROR[41;31m][0m [1mTS2304: Cannot find name 'payload'.[0m [1m[35m[plugin angular-compiler][0m

    src/app/register/student-register/student-register.ts:210:101:
[37m      210 │ ...`/api/auth/users/${this.editingStudentId}`, [32mpayload[37m, { headers })
          ╵                                                [32m~~~~~~~[0m


[31m✘ [41;31m[[41;97mERROR[41;31m][0m [1mTS2532: Object is possibly 'undefined'.[0m [1m[35m[plugin angular-compiler][0m

    src/app/register/student-register/student-register.ts:211:27:
[37m      211 │       .pipe(finalize(() => [32mthis[37m.loading.set(false)))
          ╵                            [32m~~~~[0m


[31m✘ [41;31m[[41;97mERROR[41;31m][0m [1mTS7006: Parameter 'response' implicitly has an 'any' type.[0m [1m[35m[plugin angular-compiler][0m

    src/app/register/student-register/student-register.ts:213:15:
[37m      213 │         next: ([32mresponse[37m) => {
          ╵                [32m~~~~~~~~[0m


[31m✘ [41;31m[[41;97mERROR[41;31m][0m [1mTS2532: Object is possibly 'undefined'.[0m [1m[35m[plugin angular-compiler][0m

    src/app/register/student-register/student-register.ts:214:10:
[37m      214 │           [32mthis[37m.success.set(response?.message ?? 'Estudiante actua...
          ╵           [32m~~~~[0m


[31m✘ [41;31m[[41;97mERROR[41;31m][0m [1mTS2532: Object is possibly 'undefined'.[0m [1m[35m[plugin angular-compiler][0m

    src/app/register/student-register/student-register.ts:215:10:
[37m      215 │           [32mthis[37m.resetForm();
          ╵           [32m~~~~[0m


[31m✘ [41;31m[[41;97mERROR[41;31m][0m [1mTS2532: Object is possibly 'undefined'.[0m [1m[35m[plugin angular-compiler][0m

    src/app/register/student-register/student-register.ts:216:10:
[37m      216 │           [32mthis[37m.loadStudents();
          ╵           [32m~~~~[0m


[31m✘ [41;31m[[41;97mERROR[41;31m][0m [1mTS2532: Object is possibly 'undefined'.[0m [1m[35m[plugin angular-compiler][0m

    src/app/register/student-register/student-register.ts:219:10:
[37m      219 │           [32mthis[37m.error.set(err?.error?.message ?? 'No se pudo actua...
          ╵           [32m~~~~[0m


[31m✘ [41;31m[[41;97mERROR[41;31m][0m [1mTS1128: Declaration or statement expected.[0m [1m[35m[plugin angular-compiler][0m

    src/app/register/student-register/student-register.ts:222:2:
[37m      222 │   [32m}[37m
          ╵   [32m^[0m


[31m✘ [41;31m[[41;97mERROR[41;31m][0m [1mTS2304: Cannot find name 'deleteStudent'.[0m [1m[35m[plugin angular-compiler][0m

    src/app/register/student-register/student-register.ts:224:2:
[37m      224 │   [32mdeleteStudent[37m(student: StudentRow): void {
          ╵   [32m~~~~~~~~~~~~~[0m


[31m✘ [41;31m[[41;97mERROR[41;31m][0m [1mTS2304: Cannot find name 'student'.[0m [1m[35m[plugin angular-compiler][0m

    src/app/register/student-register/student-register.ts:224:16:
[37m      224 │   deleteStudent([32mstudent[37m: StudentRow): void {
          ╵                 [32m~~~~~~~[0m


[31m✘ [41;31m[[41;97mERROR[41;31m][0m [1mTS1005: ',' expected.[0m [1m[35m[plugin angular-compiler][0m

    src/app/register/student-register/student-register.ts:224:23:
[37m      224 │   deleteStudent(student[32m:[37m StudentRow): void {
          ╵                        [32m^[0m


[31m✘ [41;31m[[41;97mERROR[41;31m][0m [1mTS2693: 'StudentRow' only refers to a type, but is being used as a value here.[0m [1m[35m[plugin angular-compiler][0m

    src/app/register/student-register/student-register.ts:224:25:
[37m      224 │   deleteStudent(student: [32mStudentRow[37m): void {
          ╵                          [32m~~~~~~~~~~[0m


[31m✘ [41;31m[[41;97mERROR[41;31m][0m [1mTS1005: ';' expected.[0m [1m[35m[plugin angular-compiler][0m

    src/app/register/student-register/student-register.ts:224:36:
[37m      224 │   deleteStudent(student: StudentRow)[32m:[37m void {
          ╵                                     [32m^[0m


[31m✘ [41;31m[[41;97mERROR[41;31m][0m [1mTS1003: Identifier expected.[0m [1m[35m[plugin angular-compiler][0m

    src/app/register/student-register/student-register.ts:225:8:
[37m      225 │     if ([32m![37mwindow.confirm(`¿Eliminar al estudiante ${student.nombr...
          ╵         [32m^[0m


[31m✘ [41;31m[[41;97mERROR[41;31m][0m [1mTS7006: Parameter '(Missing)' implicitly has an 'any' type.[0m [1m[35m[plugin angular-compiler][0m

    src/app/register/student-register/student-register.ts:225:8:
[37m      225 │     if ([32m[37m!window.confirm(`¿Eliminar al estudiante ${student.nombr...
          ╵         [32m^[0m


[31m✘ [41;31m[[41;97mERROR[41;31m][0m [1mTS7006: Parameter 'window' implicitly has an 'any' type.[0m [1m[35m[plugin angular-compiler][0m

    src/app/register/student-register/student-register.ts:225:9:
[37m      225 │     if (![32mwindow[37m.confirm(`¿Eliminar al estudiante ${student.nombr...
          ╵          [32m~~~~~~[0m


[31m✘ [41;31m[[41;97mERROR[41;31m][0m [1mTS1005: ',' expected.[0m [1m[35m[plugin angular-compiler][0m

    src/app/register/student-register/student-register.ts:225:15:
[37m      225 │     if (!window[32m.[37mconfirm(`¿Eliminar al estudiante ${student.nombr...
          ╵                [32m^[0m


[31m✘ [41;31m[[41;97mERROR[41;31m][0m [1mTS2304: Cannot find name 'student'.[0m [1m[35m[plugin angular-compiler][0m

    src/app/register/student-register/student-register.ts:225:51:
[37m      225 │ ...!window.confirm(`¿Eliminar al estudiante $[32m{studen[37mt.nombre}?`)) {
          ╵                                              [32m~~~~~~~[0m


[31m✘ [41;31m[[41;97mERROR[41;31m][0m [1mTS1005: ',' expected.[0m [1m[35m[plugin angular-compiler][0m

    src/app/register/student-register/student-register.ts:225:69:
[37m      225 │ ...!window.confirm(`¿Eliminar al estudiante ${student.nombre}?`[32m)[37m) {
          ╵                                                                [32m^[0m


[31m✘ [41;31m[[41;97mERROR[41;31m][0m [1mTS1136: Property assignment expected.[0m [1m[35m[plugin angular-compiler][0m

    src/app/register/student-register/student-register.ts:225:71:
[37m      225 │ ...!window.confirm(`¿Eliminar al estudiante ${student.nombre}?`))[32m [37m{
          ╵                                                                  [32m^[0m


[31m✘ [41;31m[[41;97mERROR[41;31m][0m [1mTS2451: Cannot redeclare block-scoped variable 'token'.[0m [1m[35m[plugin angular-compiler][0m

    src/app/register/student-register/student-register.ts:229:10:
[37m      229 │     const [32mtoken[37m = localStorage.getItem('token');
          ╵           [32m~~~~~[0m


[31m✘ [41;31m[[41;97mERROR[41;31m][0m [1mTS2532: Object is possibly 'undefined'.[0m [1m[35m[plugin angular-compiler][0m

    src/app/register/student-register/student-register.ts:231:6:
[37m      231 │       [32mthis[37m.error.set('No hay sesión activa.');
          ╵       [32m~~~~[0m


[31m✘ [41;31m[[41;97mERROR[41;31m][0m [1mTS2532: Object is possibly 'undefined'.[0m [1m[35m[plugin angular-compiler][0m

    src/app/register/student-register/student-register.ts:235:4:
[37m      235 │     [32mthis[37m.loading.set(true);
          ╵     [32m~~~~[0m


[31m✘ [41;31m[[41;97mERROR[41;31m][0m [1mTS2532: Object is possibly 'undefined'.[0m [1m[35m[plugin angular-compiler][0m

    src/app/register/student-register/student-register.ts:236:4:
[37m      236 │     [32mthis[37m.error.set('');
          ╵     [32m~~~~[0m


[31m✘ [41;31m[[41;97mERROR[41;31m][0m [1mTS2532: Object is possibly 'undefined'.[0m [1m[35m[plugin angular-compiler][0m

    src/app/register/student-register/student-register.ts:237:4:
[37m      237 │     [32mthis[37m.success.set('');
          ╵     [32m~~~~[0m


[31m✘ [41;31m[[41;97mERROR[41;31m][0m [1mTS2451: Cannot redeclare block-scoped variable 'headers'.[0m [1m[35m[plugin angular-compiler][0m

    src/app/register/student-register/student-register.ts:239:10:
[37m      239 │     const [32mheaders[37m = new HttpHeaders({ Authorization: `Bearer ${to...
          ╵           [32m~~~~~~~[0m


[31m✘ [41;31m[[41;97mERROR[41;31m][0m [1mTS2532: Object is possibly 'undefined'.[0m [1m[35m[plugin angular-compiler][0m

    src/app/register/student-register/student-register.ts:240:4:
[37m      240 │     [32mthis[37m.http.delete<{ message: string }>(`/api/auth/users/${stud...
          ╵     [32m~~~~[0m


[31m✘ [41;31m[[41;97mERROR[41;31m][0m [1mTS2304: Cannot find name 'student'.[0m [1m[35m[plugin angular-compiler][0m

    src/app/register/student-register/student-register.ts:240:61:
[37m      240 │ ... message: string }>(`/api/auth/users/${[32mstudent[37m.id}`, { headers })
          ╵                                           [32m~~~~~~~[0m


[31m✘ [41;31m[[41;97mERROR[41;31m][0m [1mTS2532: Object is possibly 'undefined'.[0m [1m[35m[plugin angular-compiler][0m

    src/app/register/student-register/student-register.ts:241:27:
[37m      241 │       .pipe(finalize(() => [32mthis[37m.loading.set(false)))
          ╵                            [32m~~~~[0m


[31m✘ [41;31m[[41;97mERROR[41;31m][0m [1mTS7006: Parameter 'response' implicitly has an 'any' type.[0m [1m[35m[plugin angular-compiler][0m

    src/app/register/student-register/student-register.ts:243:15:
[37m      243 │         next: ([32mresponse[37m) => {
          ╵                [32m~~~~~~~~[0m


[31m✘ [41;31m[[41;97mERROR[41;31m][0m [1mTS2532: Object is possibly 'undefined'.[0m [1m[35m[plugin angular-compiler][0m

    src/app/register/student-register/student-register.ts:244:10:
[37m      244 │           [32mthis[37m.success.set(response?.message ?? 'Estudiante elimi...
          ╵           [32m~~~~[0m


[31m✘ [41;31m[[41;97mERROR[41;31m][0m [1mTS2532: Object is possibly 'undefined'.[0m [1m[35m[plugin angular-compiler][0m

    src/app/register/student-register/student-register.ts:245:14:
[37m      245 │           if ([32mthis[37m.editingStudentId === student.id) {
          ╵               [32m~~~~[0m


[31m✘ [41;31m[[41;97mERROR[41;31m][0m [1mTS2304: Cannot find name 'student'.[0m [1m[35m[plugin angular-compiler][0m

    src/app/register/student-register/student-register.ts:245:40:
[37m      245 │           if (this.editingStudentId === [32mstudent[37m.id) {
          ╵                                         [32m~~~~~~~[0m


[31m✘ [41;31m[[41;97mERROR[41;31m][0m [1mTS2532: Object is possibly 'undefined'.[0m [1m[35m[plugin angular-compiler][0m

    src/app/register/student-register/student-register.ts:246:12:
[37m      246 │             [32mthis[37m.resetForm();
          ╵             [32m~~~~[0m


[31m✘ [41;31m[[41;97mERROR[41;31m][0m [1mTS2532: Object is possibly 'undefined'.[0m [1m[35m[plugin angular-compiler][0m

    src/app/register/student-register/student-register.ts:248:10:
[37m      248 │           [32mthis[37m.loadStudents();
          ╵           [32m~~~~[0m


[31m✘ [41;31m[[41;97mERROR[41;31m][0m [1mTS2532: Object is possibly 'undefined'.[0m [1m[35m[plugin angular-compiler][0m

    src/app/register/student-register/student-register.ts:251:10:
[37m      251 │           [32mthis[37m.error.set(err?.error?.message ?? 'No se pudo elimi...
          ╵           [32m~~~~[0m


[31m✘ [41;31m[[41;97mERROR[41;31m][0m [1mTS1128: Declaration or statement expected.[0m [1m[35m[plugin angular-compiler][0m

    src/app/register/student-register/student-register.ts:254:2:
[37m      254 │   [32m}[37m
          ╵   [32m^[0m


[31m✘ [41;31m[[41;97mERROR[41;31m][0m [1mTS1128: Declaration or statement expected.[0m [1m[35m[plugin angular-compiler][0m

    src/app/register/student-register/student-register.ts:255:0:
[37m      255 │ [32m}[37m
          ╵ [32m^[0m


